[backblue.gif]
[fade.gif]
[index.html]
[cdn.landbot.io/landbot-3/landbot-3.0.0.js]
[www.nisasaribakery.com/images/logocake.png]
[cdnjs.cloudflare.com/ajax/libs/font-awesome/6.3.0/css/all.min.css]
[cdn.jsdelivr.net/npm/bootstrap-icons@1.4.1/font/bootstrap-icons.css]
[www.nisasaribakery.com/images/2022-04-10.jpg]
[www.nisasaribakery.com/images/toko.jpg]
[www.nisasaribakery.com/images/cheesecake.png]
[www.nisasaribakery.com/images/bread.png]
[www.nisasaribakery.com/images/baguette.png]
[www.nisasaribakery.com/images/cookies.png]
[www.nisasaribakery.com/images/toples.png]
[www.nisasaribakery.com/images/cake.png]
[www.nisasaribakery.com/images/croissant.png]
[www.nisasaribakery.com/images/WEB NISA SARI.png]
[www.nisasaribakery.com/images/kastengel.jpg]
[www.nisasaribakery.com/images/aneka.jpg]
[www.nisasaribakery.com/images/pounch.jpg]
[www.nisasaribakery.com/images/lapis sby.png]
[www.nisasaribakery.com/images/brownies mesis.jpg]
[www.nisasaribakery.com/images/cake roll.jpg]
[www.nisasaribakery.com/images/ultah pony.jpg]
[www.nisasaribakery.com/images/lapis.jpg]
[www.nisasaribakery.com/images/kue karakter.jpg]
[www.nisasaribakery.com/images/ultah extra.jpg]
[www.nisasaribakery.com/images/cake.jpg]
[www.nisasaribakery.com/images/kue hitam.jpg]
[www.nisasaribakery.com/images/banana.jpg]
[www.nisasaribakery.com/images/kue kering bulat.jpg]
[www.nisasaribakery.com/images/oreo.jpg]
[www.nisasaribakery.com/images/milkzebra.jpg]
[www.nisasaribakery.com/images/chocomilk.jpg]
[www.nisasaribakery.com/images/kue kering 2.png]
[www.nisasaribakery.com/images/hero.jpg]
[www.nisasaribakery.com/images/owner.png]
[www.nisasaribakery.com/images/member.png]
[www.nisasaribakery.com/img/testimonial-1.jpg]
[www.nisasaribakery.com/img/testimonial-2.jpg]
[www.nisasaribakery.com/img/testimonial-3.jpg]
[www.nisasaribakery.com/images/kue basah kotak.jpg]
[www.nisasaribakery.com/images/kue basah1.jpg]
[www.nisasaribakery.com/images/kue brownis.jpg]
[www.nisasaribakery.com/images/kue donat.jpg]
[code.jquery.com/jquery-3.4.1.min.js]
[cdn.jsdelivr.net/npm/bootstrap@5.0.0/dist/js/bootstrap.bundle.min.js]
[www.nisasaribakery.com/lib/wow/wow.min.js]
[www.nisasaribakery.com/lib/easing/easing.min.js]
[www.nisasaribakery.com/lib/waypoints/waypoints.min.js]
[www.nisasaribakery.com/lib/owlcarousel/owl.carousel.min.js]
[www.nisasaribakery.com/js/main.js]
[www.nisasaribakery.com/index.html]
[assets.calendly.com/assets/external/widget.css]
[cdn.landbot.io/landbot-3/landbot-3.0.0.js]
[cdnjs.cloudflare.com/ajax/libs/font-awesome/6.3.0/css/all.min.css]
[assets.calendly.com/assets/external/widget.js]
[cdn.jsdelivr.net/npm/bootstrap-icons@1.4.1/font/fonts/bootstrap-iconsfb95.woff2]
[cdn.jsdelivr.net/npm/bootstrap-icons@1.4.1/font/fonts/bootstrap-iconsfb95.woff]
[cdn.jsdelivr.net/npm/bootstrap-icons@1.4.1/font/bootstrap-icons.css]
[www.nisasaribakery.com/lib/animate/animate.min.css]
[www.nisasaribakery.com/lib/owlcarousel/assets/owl.video.play.png]
[www.nisasaribakery.com/lib/owlcarousel/assets/owl.carousel.min.css]
[www.nisasaribakery.com/css/bootstrap.min.css]
[www.nisasaribakery.com/css/style.css]
[www.nisasaribakery.com/index-2.html]
[www.nisasaribakery.com/images/bolu coklat.jpg]
[www.nisasaribakery.com/images/bolu pisang.jpg]
[www.nisasaribakery.com/images/bolu moca.jpg]
[www.nisasaribakery.com/images/bolu marmer.jpg]
[www.nisasaribakery.com/images/bolu pandan.jpg]
[www.nisasaribakery.com/images/bolu keju.jpg]
[www.nisasaribakery.com/images/chocochips.jpg]
[www.nisasaribakery.com/images/choco cookie.jpg]
[www.nisasaribakery.com/images/bagelan pounch.jpg]
[www.nisasaribakery.com/images/mawar original.jpg]
[www.nisasaribakery.com/images/kue ulat daun.jpg]
[www.nisasaribakery.com/images/thumbprint.jpg]
[www.nisasaribakery.com/images/brownies bolu.jpg]
[www.nisasaribakery.com/images/brownies panggang.jpg]
[www.nisasaribakery.com/images/risol mayo.jpg]
[www.nisasaribakery.com/images/lidah kucing.jpg]
[www.nisasaribakery.com/images/putri salju.jpg]
[www.nisasaribakery.com/images/kue karakter id.jpg]
[www.nisasaribakery.com/images/kue karakter ultah.jpg]
[www.nisasaribakery.com/images/ultah small.jpg]
[www.nisasaribakery.com/images/paket kuker.jpg]
[www.nisasaribakery.com/images/paket lebaran.jpg]
[www.nisasaribakery.com/images/paket hantaran.jpg]
[www.nisasaribakery.com/images/paket aneka.jpg]
[www.nisasaribakery.com/images/nastar.jpg]
[www.nisasaribakery.com/varian.html]
[cdnjs.cloudflare.com/ajax/libs/font-awesome/5.10.0/css/all.min.css]
[www.nisasaribakery.com/about.html]
[www.nisasaribakery.com/contact.html]
[www.nisasaribakery.com/varian-kue-kering.html]
[www.nisasaribakery.com/varian-kue-basah.html]
[www.nisasaribakery.com/varian-roti-kering.html]
[www.nisasaribakery.com/varian-bolu-bulat.html]
[www.nisasaribakery.com/varian-chocochips.html]
[www.nisasaribakery.com/varian-brownies.html]
[www.nisasaribakery.com/varian-ultah.html]
[www.nisasaribakery.com/varian-lebaran.html]
[www.nisasaribakery.com/auth/index.html]
[www.nisasaribakery.com/${n.html]
[www.nisasaribakery.com/${n-2.html]
[assets.calendly.com/assets/external/widget.css]
[assets.calendly.com/assets/external/close-icon.svg]
[cdnjs.cloudflare.com/ajax/libs/font-awesome/5.10.0/css/all.min.css]
[assets.calendly.com/assets/external/close-icon.svg]
